{"sessionId":"4b89a7","runId":"post-fix","hypothesisId":"B","location":"lib/db.ts:module-top-level","message":"lib/db module evaluating; exporting lazy prisma proxy","data":{"vercel":false,"hasDatabaseUrl":true,"phase":null},"timestamp":1787005021958}
{"sessionId":"4b89a7","runId":"post-fix","hypothesisId":"B","location":"lib/db.ts:module-top-level","message":"lib/db module evaluating; exporting lazy prisma proxy","data":{"vercel":false,"hasDatabaseUrl":true,"phase":null},"timestamp":1787005037144}
{"sessionId":"4b89a7","runId":"login-debug","hypothesisId":"A","location":"app/actions/auth.ts:loginAction","message":"login action started","data":{"hasEmail":true,"vercel":false,"nodeEnv":"development","hasDatabaseUrl":true,"hasTursoToken":false,"hasAuthSecret":false,"authSecretLength":0},"timestamp":1787005038089}
{"sessionId":"4b89a7","runId":"login-debug","hypothesisId":"B","location":"app/actions/auth.ts:loginAction","message":"before prisma.user.findUnique","data":{"emailDomain":"solobill.local"},"timestamp":1787005038092}
{"sessionId":"4b89a7","runId":"login-debug","hypothesisId":"B","location":"app/actions/auth.ts:loginAction","message":"after prisma.user.findUnique","data":{"userFound":true},"timestamp":1787005038103}
{"sessionId":"4b89a7","runId":"login-debug","hypothesisId":"C","location":"app/actions/auth.ts:loginAction","message":"password verified","data":{"ok":true},"timestamp":1787005038199}
{"sessionId":"4b89a7","runId":"login-debug","hypothesisId":"C","location":"app/actions/auth.ts:loginAction","message":"before createSession","data":{},"timestamp":1787005038201}
{"sessionId":"4b89a7","runId":"login-debug","hypothesisId":"C","location":"app/actions/auth.ts:loginAction","message":"after createSession","data":{},"timestamp":1787005038224}
{"sessionId":"4b89a7","runId":"post-fix","hypothesisId":"B","location":"lib/db.ts:module-top-level","message":"lib/db module evaluating; exporting lazy prisma proxy","data":{"vercel":false,"hasDatabaseUrl":true,"phase":null},"timestamp":1787005533521}
{"sessionId":"4b89a7","runId":"login-debug","hypothesisId":"A","location":"app/actions/auth.ts:loginAction","message":"login action started","data":{"hasEmail":true,"vercel":false,"nodeEnv":"development","hasDatabaseUrl":true,"hasTursoToken":false,"hasAuthSecret":false,"authSecretLength":0},"timestamp":1787005973504}
{"sessionId":"4b89a7","runId":"login-debug","hypothesisId":"B","location":"app/actions/auth.ts:loginAction","message":"before prisma.user.findUnique","data":{"emailDomain":"solobill.local"},"timestamp":1787005973507}
{"sessionId":"4b89a7","runId":"login-debug","hypothesisId":"B","location":"app/actions/auth.ts:loginAction","message":"after prisma.user.findUnique","data":{"userFound":true},"timestamp":1787005973518}
{"sessionId":"4b89a7","runId":"login-debug","hypothesisId":"C","location":"app/actions/auth.ts:loginAction","message":"password verified","data":{"ok":true},"timestamp":1787005973600}
{"sessionId":"4b89a7","runId":"login-debug","hypothesisId":"C","location":"app/actions/auth.ts:loginAction","message":"before createSession","data":{},"timestamp":1787005973601}
{"sessionId":"4b89a7","runId":"login-debug","hypothesisId":"C","location":"app/actions/auth.ts:loginAction","message":"after createSession","data":{},"timestamp":1787005973622}
{"sessionId":"4b89a7","runId":"login-debug","hypothesisId":"A","location":"app/actions/auth.ts:loginAction","message":"login action started","data":{"hasEmail":true,"vercel":false,"nodeEnv":"development","hasDatabaseUrl":true,"hasTursoToken":false,"hasAuthSecret":false,"authSecretLength":0},"timestamp":1787005978557}
{"sessionId":"4b89a7","runId":"login-debug","hypothesisId":"B","location":"app/actions/auth.ts:loginAction","message":"before prisma.user.findUnique","data":{"emailDomain":"solobill.local"},"timestamp":1787005978559}
{"sessionId":"4b89a7","runId":"login-debug","hypothesisId":"B","location":"app/actions/auth.ts:loginAction","message":"after prisma.user.findUnique","data":{"userFound":true},"timestamp":1787005978565}
{"sessionId":"4b89a7","runId":"login-debug","hypothesisId":"C","location":"app/actions/auth.ts:loginAction","message":"password verified","data":{"ok":true},"timestamp":1787005978639}
{"sessionId":"4b89a7","runId":"login-debug","hypothesisId":"C","location":"app/actions/auth.ts:loginAction","message":"before createSession","data":{},"timestamp":1787005978640}
{"sessionId":"4b89a7","runId":"login-debug","hypothesisId":"C","location":"app/actions/auth.ts:loginAction","message":"after createSession","data":{},"timestamp":1787005978661}
{"sessionId":"4b89a7","runId":"post-fix","hypothesisId":"B","location":"lib/db.ts:module-top-level","message":"lib/db module evaluating; exporting lazy prisma proxy","data":{"vercel":true,"hasDatabaseUrl":true,"phase":"phase-production-build"},"timestamp":1787006193579}
{"sessionId":"4b89a7","runId":"post-fix","hypothesisId":"B","location":"lib/db.ts:module-top-level","message":"lib/db module evaluating; exporting lazy prisma proxy","data":{"vercel":true,"hasDatabaseUrl":true,"phase":"phase-production-build"},"timestamp":1787006194288}
{"sessionId":"4b89a7","runId":"post-fix","hypothesisId":"B","location":"lib/db.ts:module-top-level","message":"lib/db module evaluating; exporting lazy prisma proxy","data":{"vercel":true,"hasDatabaseUrl":true,"phase":"phase-production-build"},"timestamp":1787006194334}
{"sessionId":"4b89a7","runId":"post-fix","hypothesisId":"B","location":"lib/db.ts:module-top-level","message":"lib/db module evaluating; exporting lazy prisma proxy","data":{"vercel":true,"hasDatabaseUrl":true,"phase":"phase-production-build"},"timestamp":1787006194363}
{"sessionId":"4b89a7","runId":"post-fix","hypothesisId":"B","location":"lib/db.ts:module-top-level","message":"lib/db module evaluating; exporting lazy prisma proxy","data":{"vercel":true,"hasDatabaseUrl":true,"phase":"phase-production-build"},"timestamp":1787006194378}
{"sessionId":"4b89a7","runId":"post-fix","hypothesisId":"B","location":"lib/db.ts:module-top-level","message":"lib/db module evaluating; exporting lazy prisma proxy","data":{"vercel":true,"hasDatabaseUrl":true,"phase":"phase-production-build"},"timestamp":1787006194527}
{"sessionId":"4b89a7","runId":"post-fix","hypothesisId":"B","location":"lib/db.ts:module-top-level","message":"lib/db module evaluating; exporting lazy prisma proxy","data":{"vercel":true,"hasDatabaseUrl":true,"phase":"phase-production-build"},"timestamp":1787006194742}
{"sessionId":"4b89a7","runId":"post-fix","hypothesisId":"B","location":"lib/db.ts:module-top-level","message":"lib/db module evaluating; exporting lazy prisma proxy","data":{"vercel":true,"hasDatabaseUrl":true,"phase":"phase-production-build"},"timestamp":1787006195192}
{"sessionId":"4b89a7","runId":"post-fix","hypothesisId":"B","location":"lib/db.ts:module-top-level","message":"lib/db module evaluating; exporting lazy prisma proxy","data":{"vercel":true,"hasDatabaseUrl":true,"phase":"phase-production-build"},"timestamp":1787006195360}
{"sessionId":"4b89a7","runId":"post-fix","hypothesisId":"B","location":"lib/db.ts:module-top-level","message":"lib/db module evaluating; exporting lazy prisma proxy","data":{"vercel":true,"hasDatabaseUrl":true,"phase":"phase-production-build"},"timestamp":1787006195384}
{"sessionId":"4b89a7","runId":"post-fix","hypothesisId":"B","location":"lib/db.ts:module-top-level","message":"lib/db module evaluating; exporting lazy prisma proxy","data":{"vercel":true,"hasDatabaseUrl":true,"phase":"phase-production-build"},"timestamp":1787006195390}
{"sessionId":"4b89a7","runId":"post-fix","hypothesisId":"B","location":"lib/db.ts:module-top-level","message":"lib/db module evaluating; exporting lazy prisma proxy","data":{"vercel":true,"hasDatabaseUrl":true,"phase":"phase-production-build"},"timestamp":1787006195409}
{"sessionId":"4b89a7","runId":"post-fix","hypothesisId":"B","location":"lib/db.ts:module-top-level","message":"lib/db module evaluating; exporting lazy prisma proxy","data":{"vercel":true,"hasDatabaseUrl":true,"phase":"phase-production-build"},"timestamp":1787006195692}
{"sessionId":"4b89a7","runId":"post-fix","hypothesisId":"B","location":"lib/db.ts:module-top-level","message":"lib/db module evaluating; exporting lazy prisma proxy","data":{"vercel":true,"hasDatabaseUrl":true,"phase":"phase-production-build"},"timestamp":1787006196495}
{"sessionId":"4b89a7","runId":"post-fix","hypothesisId":"B","location":"lib/db.ts:module-top-level","message":"lib/db module evaluating; exporting lazy prisma proxy","data":{"vercel":true,"hasDatabaseUrl":true,"phase":"phase-production-build"},"timestamp":1787006524202}
{"sessionId":"4b89a7","runId":"post-fix","hypothesisId":"B","location":"lib/db.ts:module-top-level","message":"lib/db module evaluating; exporting lazy prisma proxy","data":{"vercel":true,"hasDatabaseUrl":true,"phase":"phase-production-build"},"timestamp":1787006524340}
{"sessionId":"4b89a7","runId":"post-fix","hypothesisId":"B","location":"lib/db.ts:module-top-level","message":"lib/db module evaluating; exporting lazy prisma proxy","data":{"vercel":true,"hasDatabaseUrl":true,"phase":"phase-production-build"},"timestamp":1787006524424}
{"sessionId":"4b89a7","runId":"post-fix","hypothesisId":"B","location":"lib/db.ts:module-top-level","message":"lib/db module evaluating; exporting lazy prisma proxy","data":{"vercel":true,"hasDatabaseUrl":true,"phase":"phase-production-build"},"timestamp":1787006524491}
{"sessionId":"4b89a7","runId":"post-fix","hypothesisId":"B","location":"lib/db.ts:module-top-level","message":"lib/db module evaluating; exporting lazy prisma proxy","data":{"vercel":true,"hasDatabaseUrl":true,"phase":"phase-production-build"},"timestamp":1787006524574}
{"sessionId":"4b89a7","runId":"post-fix","hypothesisId":"B","location":"lib/db.ts:module-top-level","message":"lib/db module evaluating; exporting lazy prisma proxy","data":{"vercel":true,"hasDatabaseUrl":true,"phase":"phase-production-build"},"timestamp":1787006524574}
{"sessionId":"4b89a7","runId":"post-fix","hypothesisId":"B","location":"lib/db.ts:module-top-level","message":"lib/db module evaluating; exporting lazy prisma proxy","data":{"vercel":true,"hasDatabaseUrl":true,"phase":"phase-production-build"},"timestamp":1787006524669}
{"sessionId":"4b89a7","runId":"post-fix","hypothesisId":"B","location":"lib/db.ts:module-top-level","message":"lib/db module evaluating; exporting lazy prisma proxy","data":{"vercel":true,"hasDatabaseUrl":true,"phase":"phase-production-build"},"timestamp":1787006524769}
{"sessionId":"4b89a7","runId":"post-fix","hypothesisId":"B","location":"lib/db.ts:module-top-level","message":"lib/db module evaluating; exporting lazy prisma proxy","data":{"vercel":true,"hasDatabaseUrl":true,"phase":"phase-production-build"},"timestamp":1787006525053}
{"sessionId":"4b89a7","runId":"post-fix","hypothesisId":"B","location":"lib/db.ts:module-top-level","message":"lib/db module evaluating; exporting lazy prisma proxy","data":{"vercel":true,"hasDatabaseUrl":true,"phase":"phase-production-build"},"timestamp":1787006525081}
{"sessionId":"4b89a7","runId":"post-fix","hypothesisId":"B","location":"lib/db.ts:module-top-level","message":"lib/db module evaluating; exporting lazy prisma proxy","data":{"vercel":true,"hasDatabaseUrl":true,"phase":"phase-production-build"},"timestamp":1787006525141}
{"sessionId":"4b89a7","runId":"post-fix","hypothesisId":"B","location":"lib/db.ts:module-top-level","message":"lib/db module evaluating; exporting lazy prisma proxy","data":{"vercel":true,"hasDatabaseUrl":true,"phase":"phase-production-build"},"timestamp":1787006525180}
{"sessionId":"4b89a7","runId":"post-fix","hypothesisId":"B","location":"lib/db.ts:module-top-level","message":"lib/db module evaluating; exporting lazy prisma proxy","data":{"vercel":true,"hasDatabaseUrl":true,"phase":"phase-production-build"},"timestamp":1787006525191}
{"sessionId":"4b89a7","runId":"post-fix","hypothesisId":"B","location":"lib/db.ts:module-top-level","message":"lib/db module evaluating; exporting lazy prisma proxy","data":{"vercel":true,"hasDatabaseUrl":true,"phase":"phase-production-build"},"timestamp":1787006525236}
{"sessionId":"4b89a7","runId":"post-fix","hypothesisId":"B","location":"lib/db.ts:module-top-level","message":"lib/db module evaluating; exporting lazy prisma proxy","data":{"vercel":true,"hasDatabaseUrl":true,"phase":"phase-production-build"},"timestamp":1787006526014}
{"sessionId":"4b89a7","runId":"post-fix","hypothesisId":"B","location":"lib/db.ts:module-top-level","message":"lib/db module evaluating; exporting lazy prisma proxy","data":{"vercel":false,"hasDatabaseUrl":true,"phase":null},"timestamp":1787006955958}
{"sessionId":"4b89a7","runId":"post-fix","hypothesisId":"B","location":"lib/db.ts:module-top-level","message":"lib/db module evaluating; exporting lazy prisma proxy","data":{"vercel":false,"hasDatabaseUrl":true,"phase":null},"timestamp":1787006975721}
{"sessionId":"4b89a7","runId":"post-fix","hypothesisId":"B","location":"lib/db.ts:module-top-level","message":"lib/db module evaluating; exporting lazy prisma proxy","data":{"vercel":false,"hasDatabaseUrl":true,"phase":null},"timestamp":1787006982668}
{"sessionId":"4b89a7","runId":"post-fix","hypothesisId":"B","location":"lib/db.ts:module-top-level","message":"lib/db module evaluating; exporting lazy prisma proxy","data":{"vercel":true,"hasDatabaseUrl":true,"phase":"phase-production-build"},"timestamp":1787007102382}
{"sessionId":"4b89a7","runId":"post-fix","hypothesisId":"B","location":"lib/db.ts:module-top-level","message":"lib/db module evaluating; exporting lazy prisma proxy","data":{"vercel":true,"hasDatabaseUrl":true,"phase":"phase-production-build"},"timestamp":1787007102398}
{"sessionId":"4b89a7","runId":"post-fix","hypothesisId":"B","location":"lib/db.ts:module-top-level","message":"lib/db module evaluating; exporting lazy prisma proxy","data":{"vercel":true,"hasDatabaseUrl":true,"phase":"phase-production-build"},"timestamp":1787007102410}
{"sessionId":"4b89a7","runId":"post-fix","hypothesisId":"B","location":"lib/db.ts:module-top-level","message":"lib/db module evaluating; exporting lazy prisma proxy","data":{"vercel":true,"hasDatabaseUrl":true,"phase":"phase-production-build"},"timestamp":1787007102446}
{"sessionId":"4b89a7","runId":"post-fix","hypothesisId":"B","location":"lib/db.ts:module-top-level","message":"lib/db module evaluating; exporting lazy prisma proxy","data":{"vercel":true,"hasDatabaseUrl":true,"phase":"phase-production-build"},"timestamp":1787007102467}
{"sessionId":"4b89a7","runId":"post-fix","hypothesisId":"B","location":"lib/db.ts:module-top-level","message":"lib/db module evaluating; exporting lazy prisma proxy","data":{"vercel":true,"hasDatabaseUrl":true,"phase":"phase-production-build"},"timestamp":1787007102484}
{"sessionId":"4b89a7","runId":"post-fix","hypothesisId":"B","location":"lib/db.ts:module-top-level","message":"lib/db module evaluating; exporting lazy prisma proxy","data":{"vercel":true,"hasDatabaseUrl":true,"phase":"phase-production-build"},"timestamp":1787007102545}
{"sessionId":"4b89a7","runId":"post-fix","hypothesisId":"B","location":"lib/db.ts:module-top-level","message":"lib/db module evaluating; exporting lazy prisma proxy","data":{"vercel":true,"hasDatabaseUrl":true,"phase":"phase-production-build"},"timestamp":1787007102585}
{"sessionId":"4b89a7","runId":"post-fix","hypothesisId":"B","location":"lib/db.ts:module-top-level","message":"lib/db module evaluating; exporting lazy prisma proxy","data":{"vercel":true,"hasDatabaseUrl":true,"phase":"phase-production-build"},"timestamp":1787007102614}
{"sessionId":"4b89a7","runId":"post-fix","hypothesisId":"B","location":"lib/db.ts:module-top-level","message":"lib/db module evaluating; exporting lazy prisma proxy","data":{"vercel":true,"hasDatabaseUrl":true,"phase":"phase-production-build"},"timestamp":1787007102618}
{"sessionId":"4b89a7","runId":"post-fix","hypothesisId":"B","location":"lib/db.ts:module-top-level","message":"lib/db module evaluating; exporting lazy prisma proxy","data":{"vercel":true,"hasDatabaseUrl":true,"phase":"phase-production-build"},"timestamp":1787007102622}
{"sessionId":"4b89a7","runId":"post-fix","hypothesisId":"B","location":"lib/db.ts:module-top-level","message":"lib/db module evaluating; exporting lazy prisma proxy","data":{"vercel":true,"hasDatabaseUrl":true,"phase":"phase-production-build"},"timestamp":1787007102630}
{"sessionId":"4b89a7","runId":"post-fix","hypothesisId":"B","location":"lib/db.ts:module-top-level","message":"lib/db module evaluating; exporting lazy prisma proxy","data":{"vercel":true,"hasDatabaseUrl":true,"phase":"phase-production-build"},"timestamp":1787007102675}
{"sessionId":"4b89a7","runId":"post-fix","hypothesisId":"B","location":"lib/db.ts:module-top-level","message":"lib/db module evaluating; exporting lazy prisma proxy","data":{"vercel":true,"hasDatabaseUrl":true,"phase":"phase-production-build"},"timestamp":1787007102678}
{"sessionId":"4b89a7","runId":"post-fix","hypothesisId":"B","location":"lib/db.ts:module-top-level","message":"lib/db module evaluating; exporting lazy prisma proxy","data":{"vercel":true,"hasDatabaseUrl":true,"phase":"phase-production-build"},"timestamp":1787007103015}
{"sessionId":"4b89a7","runId":"post-fix","hypothesisId":"B","location":"lib/db.ts:module-top-level","message":"lib/db module evaluating; exporting lazy prisma proxy","data":{"vercel":true,"hasDatabaseUrl":true,"phase":"phase-production-build"},"timestamp":1787007103476}
